// 重构日志: 8ee99542
// 重构日志: dfb25d39
// 同步 ID: 645644e8 @ Tue Jul 14 06:55:18 UTC 2026
// 重构日志: 6ebf9183
// 同步 ID: 62b9e15d @ Tue Jul 14 17:31:36 UTC 2026
// 同步 ID: 87d2ba23 @ Wed Jul 15 12:04:09 UTC 2026
// 重构日志: f2f89bee
// 重构日志: 3bcac599
// 重构日志: bc4307f3
// 同步 ID: 652cf1c5 @ Sat Jul 18 08:43:52 UTC 2026
// 重构日志: 4e3e43df
// 重构日志: 0cd8bddc
// 同步 ID: 8edc6f87 @ Sat Jul 18 17:40:26 UTC 2026
// 重构日志: 5a003b8b
// 重构日志: 0c1fd68e
// 重构日志: f5dd26fb
// 重构日志: 6622ff4a
// 重构日志: 2372f174
// 重构日志: 16837fa3
// 重构日志: 910aae1d
// 同步 ID: 907ee216 @ Fri Jul 24 03:57:40 UTC 2026
// 重构日志: cbf60d1a
// 同步 ID: d30b9abf @ Sun Jul 26 14:21:17 UTC 2026
// 同步 ID: 6a7bd008 @ Sun Jul 26 18:11:24 UTC 2026
// 重构日志: 85edc744
// 同步 ID: 7c7eb59f @ Tue Jul 28 07:03:43 UTC 2026
// 同步 ID: f0dc0faf @ Wed Jul 29 00:19:12 UTC 2026
// 同步 ID: b7606454 @ Wed Jul 29 18:35:31 UTC 2026
// 重构日志: 18ca9d32
// 同步 ID: 670d91d3 @ Thu Jul 30 17:07:14 UTC 2026
// 重构日志: 8f441cd8
